../Core/Src/main.c:56:20:spi_slave_arm_next	8	static
../Core/Src/main.c:81:5:main	8	static
../Core/Src/main.c:141:6:HAL_SPI_TxRxCpltCallback	24	static
../Core/Src/main.c:164:6:SystemClock_Config	88	static
../Core/Src/main.c:211:13:MX_SPI1_Init	8	static
../Core/Src/main.c:248:13:MX_USART3_UART_Init	8	static
../Core/Src/main.c:281:13:MX_USB_OTG_FS_PCD_Init	8	static
../Core/Src/main.c:314:13:MX_DMA_Init	16	static
../Core/Src/main.c:335:13:MX_GPIO_Init	56	static
../Core/Src/main.c:395:6:Error_Handler	4	static,ignoring_inline_asm
